{
    "test_cases": [
        {
            "input": {
                "inputdata": {
                    "y": [
                        "alzheimerbroadcategory"
                    ],
                    "x": [
                        "rightttgtransversetemporalgyrus",
                        "leftpinsposteriorinsula",
                        "leftpoparietaloperculum",
                        "rightptplanumtemporale",
                        "leftventraldc"
                    ],
                    "data_model": "dementia:0.1",
                    "datasets": [
                        "ppmi0",
                        "desd-synthdata0"
                    ],
                    "filters": null
                },
                "parameters": {
                    "positive_class": "Other",
                    "n_splits": 2
                },
                "test_case_num": 0
            },
            "output": {
                "n_obs": 77,
                "coefficients": [
                    -19.869661716924025,
                    1.778978132402029,
                    0.30572778361895925,
                    -0.12995801708997404,
                    2.65941923722343,
                    2.7944302584679646
                ],
                "stderr": [
                    5.486973244502092,
                    3.641531265252168,
                    1.871229681840415,
                    1.6981930326625496,
                    2.746208593152809,
                    1.1118316091956972
                ],
                "lower_ci": [
                    -30.623931660283013,
                    -5.358291996068794,
                    -3.361814999590598,
                    -3.458355199905423,
                    -2.7230506993904857,
                    0.6152803475711854
                ],
                "upper_ci": [
                    -9.115391773565037,
                    8.916248260872852,
                    3.9732705668285164,
                    3.1984391657254747,
                    8.041889173837346,
                    4.973580169364744
                ],
                "z_scores": [
                    -3.6212426836295006,
                    0.4885247448998186,
                    0.16338335511986218,
                    -0.07652723488460937,
                    0.9683966628952466,
                    2.513357450315219
                ],
                "pvalues": [
                    0.0002931913244805308,
                    0.6251782028693817,
                    0.8702166074779354,
                    0.9389996471980624,
                    0.3328463054584536,
                    0.011958809680879612
                ],
                "df_model": 5,
                "df_resid": 71,
                "r_squared_cs": 0.0,
                "r_squared_mcf": 0.3375546896131183,
                "ll0": -46.95151200272644,
                "ll": -31.102808941779518,
                "aic": 74.20561788355903,
                "bic": 88.26845041468114
            }
        }
    ]
}
